[Control{controlNumber=1, details='null', controlID='2.1.3', controlOverview='null', controlQuestion='null', priority=0, source='null', maturityLevel0='null', maturityLevel1='null', maturityLevel2='null', maturityLevel3='null', maturityLevel4='null', maturityLevel5='null', cyberDefenseFunction='null', cyberDefenseFunctionColor='null', cyberDefenseAssetColor='null'}, Control{controlNumber=2, details='null', controlID='2.1.5', controlOverview='null', controlQuestion='null', priority=0, source='null', maturityLevel0='null', maturityLevel1='null', maturityLevel2='null', maturityLevel3='null', maturityLevel4='null', maturityLevel5='null', cyberDefenseFunction='null', cyberDefenseFunctionColor='null', cyberDefenseAssetColor='null'}]