[Control{controlNumber=1, details='null', controlID='null', controlOverview='null', controlQuestion='null', priority=0, source='source1', maturityLevel0='null', maturityLevel1='null', maturityLevel2='null', maturityLevel3='null', maturityLevel4='null', maturityLevel5='null', cyberDefenseFunction='null', cyberDefenseFunctionColor='null', cyberDefenseAssetColor='null'}, Control{controlNumber=2, details='null', controlID='null', controlOverview='null', controlQuestion='null', priority=0, source='source2', maturityLevel0='null', maturityLevel1='null', maturityLevel2='null', maturityLevel3='null', maturityLevel4='null', maturityLevel5='null', cyberDefenseFunction='null', cyberDefenseFunctionColor='null', cyberDefenseAssetColor='null'}, Control{controlNumber=3, details='null', controlID='null', controlOverview='null', controlQuestion='null', priority=0, source='source3', maturityLevel0='null', maturityLevel1='null', maturityLevel2='null', maturityLevel3='null', maturityLevel4='null', maturityLevel5='null', cyberDefenseFunction='null', cyberDefenseFunctionColor='null', cyberDefenseAssetColor='null'}]